// Jest Snapshot v1, https://goo.gl/fbAQLP

exports[`MenuListComposition MenuListComposition mounts properly 1`] = `
<div>
  <button
    aria-haspopup="true"
    class="MuiButtonBase-root MuiButton-root MuiButton-text MuiButton-textPrimary MuiButton-sizeMedium MuiButton-textSizeMedium MuiButton-colorPrimary MuiButton-root MuiButton-text MuiButton-textPrimary MuiButton-sizeMedium MuiButton-textSizeMedium MuiButton-colorPrimary css-17ovnxk-MuiButtonBase-root-MuiButton-root"
    id="composition-button"
    tabindex="0"
    type="button"
  >
    Games
    <span
      class="MuiTouchRipple-root css-8je8zh-MuiTouchRipple-root"
    />
  </button>
</div>
`;
