// Jest Snapshot v1, https://goo.gl/fbAQLP

exports[`SimonSaysGame SimonSaysGame mounts properly 1`] = `
<div>
  <header
    class="MuiPaper-root MuiPaper-elevation MuiPaper-elevation4 MuiAppBar-root MuiAppBar-colorPrimary MuiAppBar-positionFixed mui-fixed css-1413kmy-MuiPaper-root-MuiAppBar-root"
  >
    <div
      class="MuiToolbar-root MuiToolbar-gutters MuiToolbar-regular css-u4fbkj-MuiToolbar-root"
    >
      <a
        class="css-3qnz2e"
        href="/"
      >
        <img
          alt="Games board"
        />
        <p
          class="MuiTypography-root MuiTypography-body1 css-1waifce-MuiTypography-root"
        >
          Games board
        </p>
      </a>
      <div
        class="MuiStack-root css-1dzrg60-MuiStack-root"
      >
        <a
          class="MuiTypography-root MuiTypography-body1 css-1v5m6us-MuiTypography-root"
          href="/"
        >
          HOME
        </a>
        <button
          aria-haspopup="true"
          class="MuiButtonBase-root MuiButton-root MuiButton-text MuiButton-textPrimary MuiButton-sizeMedium MuiButton-textSizeMedium MuiButton-colorPrimary MuiButton-root MuiButton-text MuiButton-textPrimary MuiButton-sizeMedium MuiButton-textSizeMedium MuiButton-colorPrimary css-17ovnxk-MuiButtonBase-root-MuiButton-root"
          id="composition-button"
          tabindex="0"
          type="button"
        >
          Games
          <span
            class="MuiTouchRipple-root css-8je8zh-MuiTouchRipple-root"
          />
        </button>
      </div>
    </div>
  </header>
  <section
    class="MuiBox-root css-cmz0bm"
  >
    <div
      class="MuiPaper-root MuiPaper-elevation MuiPaper-rounded MuiPaper-elevation3 css-1f7efoc-MuiPaper-root"
    >
      <button
        class="MuiButtonBase-root MuiButton-root MuiButton-text MuiButton-textPrimary MuiButton-sizeMedium MuiButton-textSizeMedium MuiButton-colorPrimary MuiButton-root MuiButton-text MuiButton-textPrimary MuiButton-sizeMedium MuiButton-textSizeMedium MuiButton-colorPrimary css-tfhrva-MuiButtonBase-root-MuiButton-root"
        data-testid="green"
        style="background-color: grey;"
        tabindex="0"
        type="button"
      >
        <span
          class="MuiTouchRipple-root css-8je8zh-MuiTouchRipple-root"
        />
      </button>
      <button
        class="MuiButtonBase-root MuiButton-root MuiButton-text MuiButton-textPrimary MuiButton-sizeMedium MuiButton-textSizeMedium MuiButton-colorPrimary MuiButton-root MuiButton-text MuiButton-textPrimary MuiButton-sizeMedium MuiButton-textSizeMedium MuiButton-colorPrimary css-tfhrva-MuiButtonBase-root-MuiButton-root"
        data-testid="red"
        style="background-color: grey;"
        tabindex="0"
        type="button"
      >
        <span
          class="MuiTouchRipple-root css-8je8zh-MuiTouchRipple-root"
        />
      </button>
      <button
        class="MuiButtonBase-root MuiButton-root MuiButton-text MuiButton-textPrimary MuiButton-sizeMedium MuiButton-textSizeMedium MuiButton-colorPrimary MuiButton-root MuiButton-text MuiButton-textPrimary MuiButton-sizeMedium MuiButton-textSizeMedium MuiButton-colorPrimary css-tfhrva-MuiButtonBase-root-MuiButton-root"
        data-testid="yellow"
        style="background-color: grey;"
        tabindex="0"
        type="button"
      >
        <span
          class="MuiTouchRipple-root css-8je8zh-MuiTouchRipple-root"
        />
      </button>
      <button
        class="MuiButtonBase-root MuiButton-root MuiButton-text MuiButton-textPrimary MuiButton-sizeMedium MuiButton-textSizeMedium MuiButton-colorPrimary MuiButton-root MuiButton-text MuiButton-textPrimary MuiButton-sizeMedium MuiButton-textSizeMedium MuiButton-colorPrimary css-tfhrva-MuiButtonBase-root-MuiButton-root"
        data-testid="blue"
        style="background-color: grey;"
        tabindex="0"
        type="button"
      >
        <span
          class="MuiTouchRipple-root css-8je8zh-MuiTouchRipple-root"
        />
      </button>
    </div>
    <div
      class="MuiBox-root css-qwujcl"
    >
      <button
        class="MuiButtonBase-root MuiButton-root MuiButton-contained MuiButton-containedPrimary MuiButton-sizeMedium MuiButton-containedSizeMedium MuiButton-colorPrimary MuiButton-root MuiButton-contained MuiButton-containedPrimary MuiButton-sizeMedium MuiButton-containedSizeMedium MuiButton-colorPrimary css-sghohy-MuiButtonBase-root-MuiButton-root"
        tabindex="0"
        type="button"
      >
        Начать игру
        <span
          class="MuiTouchRipple-root css-8je8zh-MuiTouchRipple-root"
        />
      </button>
    </div>
  </section>
</div>
`;
